.next/dev/types/validator.ts(342,31): error TS2344: Type 'typeof import("C:/PROJECT/raih-prestasi-web/src/app/api/guru/competitions/[id]/registrations/[registrationid]/route")' does not satisfy the constraint 'RouteHandlerConfig<"/api/guru/competitions/[id]/registrations/[registrationid]">'.
  Types of property 'GET' are incompatible.
    Type '(req: Request, context: Context) => Promise<NextResponse<{ success: boolean; message: string; }> | NextResponse<{ success: boolean; data: { id: string; createdAt: Date; ... 4 more ...; answers: { ...; }[]; }; }>>' is not assignable to type '(request: NextRequest, context: { params: Promise<{ id: string; registrationid: string; }>; }) => void | Response | Promise<void | Response>'.
      Types of parameters 'context' and 'context' are incompatible.
        Type '{ params: Promise<{ id: string; registrationid: string; }>; }' is not assignable to type 'Context'.
          Types of property 'params' are incompatible.
            Type 'Promise<{ id: string; registrationid: string; }>' is not assignable to type 'Promise<{ id: string; registrationId: string; }>'.
              Property 'registrationId' is missing in type '{ id: string; registrationid: string; }' but required in type '{ id: string; registrationId: string; }'.
.next/dev/types/validator.ts(351,31): error TS2344: Type 'typeof import("C:/PROJECT/raih-prestasi-web/src/app/api/guru/competitions/[id]/registrations/[registrationid]/verify/route")' does not satisfy the constraint 'RouteHandlerConfig<"/api/guru/competitions/[id]/registrations/[registrationid]/verify">'.
  Types of property 'PATCH' are incompatible.
    Type '(req: Request, context: Context) => Promise<NextResponse<{ success: boolean; message: string; }>>' is not assignable to type '(request: NextRequest, context: { params: Promise<{ id: string; registrationid: string; }>; }) => void | Response | Promise<void | Response>'.
      Types of parameters 'context' and 'context' are incompatible.
        Type '{ params: Promise<{ id: string; registrationid: string; }>; }' is not assignable to type 'Context'.
          Types of property 'params' are incompatible.
            Type 'Promise<{ id: string; registrationid: string; }>' is not assignable to type 'Promise<{ id: string; registrationId: string; }>'.
              Property 'registrationId' is missing in type '{ id: string; registrationid: string; }' but required in type '{ id: string; registrationId: string; }'.
.next/types/validator.ts(324,31): error TS2344: Type 'typeof import("C:/PROJECT/raih-prestasi-web/src/app/api/guru/competitions/[id]/registrations/[registrationid]/route")' does not satisfy the constraint 'RouteHandlerConfig<"/api/guru/competitions/[id]/registrations/[registrationid]">'.
  Types of property 'GET' are incompatible.
    Type '(req: Request, context: Context) => Promise<NextResponse<{ success: boolean; message: string; }> | NextResponse<{ success: boolean; data: { id: string; createdAt: Date; ... 4 more ...; answers: { ...; }[]; }; }>>' is not assignable to type '(request: NextRequest, context: { params: Promise<{ id: string; registrationid: string; }>; }) => void | Response | Promise<void | Response>'.
      Types of parameters 'context' and 'context' are incompatible.
        Type '{ params: Promise<{ id: string; registrationid: string; }>; }' is not assignable to type 'Context'.
          Types of property 'params' are incompatible.
            Type 'Promise<{ id: string; registrationid: string; }>' is not assignable to type 'Promise<{ id: string; registrationId: string; }>'.
              Property 'registrationId' is missing in type '{ id: string; registrationid: string; }' but required in type '{ id: string; registrationId: string; }'.
.next/types/validator.ts(333,31): error TS2344: Type 'typeof import("C:/PROJECT/raih-prestasi-web/src/app/api/guru/competitions/[id]/registrations/[registrationid]/verify/route")' does not satisfy the constraint 'RouteHandlerConfig<"/api/guru/competitions/[id]/registrations/[registrationid]/verify">'.
  Types of property 'PATCH' are incompatible.
    Type '(req: Request, context: Context) => Promise<NextResponse<{ success: boolean; message: string; }>>' is not assignable to type '(request: NextRequest, context: { params: Promise<{ id: string; registrationid: string; }>; }) => void | Response | Promise<void | Response>'.
      Types of parameters 'context' and 'context' are incompatible.
        Type '{ params: Promise<{ id: string; registrationid: string; }>; }' is not assignable to type 'Context'.
          Types of property 'params' are incompatible.
            Type 'Promise<{ id: string; registrationid: string; }>' is not assignable to type 'Promise<{ id: string; registrationId: string; }>'.
              Property 'registrationId' is missing in type '{ id: string; registrationid: string; }' but required in type '{ id: string; registrationId: string; }'.
